C51 COMPILER V9.60.7.0   KEY                                                               02/15/2026 13:03:04 PAGE 1   


C51 COMPILER V9.60.7.0, COMPILATION OF MODULE KEY
OBJECT MODULE PLACED IN .\Objects\KEY.obj
COMPILER INVOKED BY: C:\Keil_v5\C51\BIN\C51.EXE KEY.c OPTIMIZE(8,SPEED) BROWSE DEBUG OBJECTEXTEND PRINT(.\Listings\KEY.l
                    -st) OBJECT(.\Objects\KEY.obj)

line level    source

   1          #include <STC15F2K60S2.H>
   2          #include "Delay.h"
   3          
   4          sbit S4 = P3^3;
   5          unsigned char S4_cnt = 0;
   6          
   7          unsigned char Key_Scan(){
   8   1          unsigned char key = 0;
   9   1          if(S4 == 0){
  10   2              Delay100ms();
  11   2              while(S4 == 0){
  12   3                  key = 1;
  13   3              }
  14   2          }
  15   1          return key;
  16   1      }
  17          
  18          void Key_login(){
  19   1          unsigned char key = Key_Scan();
  20   1          if(key == 1){
  21   2              S4_cnt = (S4_cnt + 1) % 2;
  22   2          }
  23   1      }


MODULE INFORMATION:   STATIC OVERLAYABLE
   CODE SIZE        =     34    ----
   CONSTANT SIZE    =   ----    ----
   XDATA SIZE       =   ----    ----
   PDATA SIZE       =   ----    ----
   DATA SIZE        =      1       1
   IDATA SIZE       =   ----    ----
   BIT SIZE         =   ----    ----
END OF MODULE INFORMATION.


C51 COMPILATION COMPLETE.  0 WARNING(S),  0 ERROR(S)
