C51 COMPILER V9.60.7.0   PCF8591                                                           02/05/2026 14:14:00 PAGE 1   


C51 COMPILER V9.60.7.0, COMPILATION OF MODULE PCF8591
OBJECT MODULE PLACED IN .\Objects\PCF8591.obj
COMPILER INVOKED BY: C:\Keil_v5\C51\BIN\C51.EXE PCF8591.c OPTIMIZE(8,SPEED) BROWSE DEBUG OBJECTEXTEND PRINT(.\Listings\P
                    -CF8591.lst) OBJECT(.\Objects\PCF8591.obj)

line level    source

   1          #include <stc15f2k60s2.h>
   2          #include "IIC.h"
   3          
   4          float RB2_Value(){
   5   1              float RB2_dat;
   6   1              I2CStart();
   7   1              I2CSendByte(0x90);
   8   1              I2CWaitAck();
   9   1              I2CSendByte(0x03);
  10   1              I2CWaitAck();
  11   1              I2CStop();
  12   1              
  13   1              I2CStart();
  14   1              I2CSendByte(0x91);
  15   1              I2CWaitAck();
  16   1              RB2_dat = I2CReceiveByte();
  17   1              I2CWaitAck();
  18   1              I2CStop();
  19   1              
  20   1              return RB2_dat / 255.0;
  21   1      }


MODULE INFORMATION:   STATIC OVERLAYABLE
   CODE SIZE        =     74    ----
   CONSTANT SIZE    =   ----    ----
   XDATA SIZE       =   ----    ----
   PDATA SIZE       =   ----    ----
   DATA SIZE        =   ----       4
   IDATA SIZE       =   ----    ----
   BIT SIZE         =   ----    ----
END OF MODULE INFORMATION.


C51 COMPILATION COMPLETE.  0 WARNING(S),  0 ERROR(S)
